Archive member included because of file (symbol)

c:/users/lenovo/desktop/embedded training iti/imt_sdk_win_64/winavr/bin/../lib/gcc/avr/4.3.3/avr5\libgcc.a(_mulsi3.o)
                              ./HAL/LCD/LCD.o (__mulsi3)
c:/users/lenovo/desktop/embedded training iti/imt_sdk_win_64/winavr/bin/../lib/gcc/avr/4.3.3/avr5\libgcc.a(_udivmodqi4.o)
                              ./HAL/SevenSegment/SevenSegment.o (__udivmodqi4)
c:/users/lenovo/desktop/embedded training iti/imt_sdk_win_64/winavr/bin/../lib/gcc/avr/4.3.3/avr5\libgcc.a(_udivmodsi4.o)
                              ./MCAL/UART/UART.o (__udivmodsi4)
c:/users/lenovo/desktop/embedded training iti/imt_sdk_win_64/winavr/bin/../lib/gcc/avr/4.3.3/avr5\libgcc.a(_divmodsi4.o)
                              ./HAL/LCD/LCD.o (__divmodsi4)
c:/users/lenovo/desktop/embedded training iti/imt_sdk_win_64/winavr/bin/../lib/gcc/avr/4.3.3/avr5\libgcc.a(_exit.o)
                              c:/users/lenovo/desktop/embedded training iti/imt_sdk_win_64/winavr/bin/../lib/gcc/avr/4.3.3/../../../../avr/lib/avr5/crtm16.o (exit)
c:/users/lenovo/desktop/embedded training iti/imt_sdk_win_64/winavr/bin/../lib/gcc/avr/4.3.3/avr5\libgcc.a(_copy_data.o)
                              ./HAL/SevenSegment/SevenSegment.o (__do_copy_data)
c:/users/lenovo/desktop/embedded training iti/imt_sdk_win_64/winavr/bin/../lib/gcc/avr/4.3.3/avr5\libgcc.a(_clear_bss.o)
                              ./MCAL/TIMER/Timer.o (__do_clear_bss)
c:/users/lenovo/desktop/embedded training iti/imt_sdk_win_64/winavr/bin/../lib/gcc/avr/4.3.3/avr5\libgcc.a(_fixunssfsi.o)
                              ./MCAL/UART/UART.o (__fixunssfsi)
c:/users/lenovo/desktop/embedded training iti/imt_sdk_win_64/winavr/bin/../lib/gcc/avr/4.3.3/avr5\libgcc.a(_addsub_sf.o)
                              c:/users/lenovo/desktop/embedded training iti/imt_sdk_win_64/winavr/bin/../lib/gcc/avr/4.3.3/avr5\libgcc.a(_fixunssfsi.o) (__subsf3)
c:/users/lenovo/desktop/embedded training iti/imt_sdk_win_64/winavr/bin/../lib/gcc/avr/4.3.3/avr5\libgcc.a(_mul_sf.o)
                              ./MCAL/UART/UART.o (__mulsf3)
c:/users/lenovo/desktop/embedded training iti/imt_sdk_win_64/winavr/bin/../lib/gcc/avr/4.3.3/avr5\libgcc.a(_gt_sf.o)
                              ./MCAL/UART/UART.o (__gtsf2)
c:/users/lenovo/desktop/embedded training iti/imt_sdk_win_64/winavr/bin/../lib/gcc/avr/4.3.3/avr5\libgcc.a(_ge_sf.o)
                              c:/users/lenovo/desktop/embedded training iti/imt_sdk_win_64/winavr/bin/../lib/gcc/avr/4.3.3/avr5\libgcc.a(_fixunssfsi.o) (__gesf2)
c:/users/lenovo/desktop/embedded training iti/imt_sdk_win_64/winavr/bin/../lib/gcc/avr/4.3.3/avr5\libgcc.a(_lt_sf.o)
                              ./MCAL/UART/UART.o (__ltsf2)
c:/users/lenovo/desktop/embedded training iti/imt_sdk_win_64/winavr/bin/../lib/gcc/avr/4.3.3/avr5\libgcc.a(_sf_to_si.o)
                              c:/users/lenovo/desktop/embedded training iti/imt_sdk_win_64/winavr/bin/../lib/gcc/avr/4.3.3/avr5\libgcc.a(_fixunssfsi.o) (__fixsfsi)
c:/users/lenovo/desktop/embedded training iti/imt_sdk_win_64/winavr/bin/../lib/gcc/avr/4.3.3/avr5\libgcc.a(_thenan_sf.o)
                              c:/users/lenovo/desktop/embedded training iti/imt_sdk_win_64/winavr/bin/../lib/gcc/avr/4.3.3/avr5\libgcc.a(_addsub_sf.o) (__thenan_sf)
c:/users/lenovo/desktop/embedded training iti/imt_sdk_win_64/winavr/bin/../lib/gcc/avr/4.3.3/avr5\libgcc.a(_prologue.o)
                              c:/users/lenovo/desktop/embedded training iti/imt_sdk_win_64/winavr/bin/../lib/gcc/avr/4.3.3/avr5\libgcc.a(_addsub_sf.o) (__prologue_saves__)
c:/users/lenovo/desktop/embedded training iti/imt_sdk_win_64/winavr/bin/../lib/gcc/avr/4.3.3/avr5\libgcc.a(_epilogue.o)
                              c:/users/lenovo/desktop/embedded training iti/imt_sdk_win_64/winavr/bin/../lib/gcc/avr/4.3.3/avr5\libgcc.a(_addsub_sf.o) (__epilogue_restores__)
c:/users/lenovo/desktop/embedded training iti/imt_sdk_win_64/winavr/bin/../lib/gcc/avr/4.3.3/avr5\libgcc.a(_pack_sf.o)
                              c:/users/lenovo/desktop/embedded training iti/imt_sdk_win_64/winavr/bin/../lib/gcc/avr/4.3.3/avr5\libgcc.a(_addsub_sf.o) (__pack_f)
c:/users/lenovo/desktop/embedded training iti/imt_sdk_win_64/winavr/bin/../lib/gcc/avr/4.3.3/avr5\libgcc.a(_unpack_sf.o)
                              c:/users/lenovo/desktop/embedded training iti/imt_sdk_win_64/winavr/bin/../lib/gcc/avr/4.3.3/avr5\libgcc.a(_addsub_sf.o) (__unpack_f)
c:/users/lenovo/desktop/embedded training iti/imt_sdk_win_64/winavr/bin/../lib/gcc/avr/4.3.3/avr5\libgcc.a(_fpcmp_parts_sf.o)
                              c:/users/lenovo/desktop/embedded training iti/imt_sdk_win_64/winavr/bin/../lib/gcc/avr/4.3.3/avr5\libgcc.a(_gt_sf.o) (__fpcmp_parts_f)

Allocating common symbols
Common symbol       size              file

G_u16OverFlowCount  0x4               ./MCAL/TIMER/Timer.o
ADC_callback        0x2               ./MCAL/ADC/ADC.o
G_u8PortNum         0x1               ./HAL/KeyPad/KeyPad.o
G_u8Preload         0x1               ./MCAL/TIMER/Timer.o

Memory Configuration

Name             Origin             Length             Attributes
text             0x00000000         0x00020000         xr
data             0x00800060         0x0000ffa0         rw !x
eeprom           0x00810000         0x00010000         rw !x
fuse             0x00820000         0x00000400         rw !x
lock             0x00830000         0x00000400         rw !x
signature        0x00840000         0x00000400         rw !x
*default*        0x00000000         0xffffffff

Linker script and memory map

LOAD c:/users/lenovo/desktop/embedded training iti/imt_sdk_win_64/winavr/bin/../lib/gcc/avr/4.3.3/../../../../avr/lib/avr5/crtm16.o
LOAD ./MCAL/UART/UART.o
LOAD ./MCAL/TIMER1_PWM/TIMER1_PWM.o
LOAD ./MCAL/TIMER/Timer.o
LOAD ./MCAL/SPI/SPI.o
LOAD ./MCAL/EXT_INT/EXT_INT.o
LOAD ./MCAL/EXT_INT/GIE.o
LOAD ./MCAL/DIO/DIO.o
LOAD ./MCAL/ADC/ADC.o
LOAD ./HAL/SevenSegment/SevenSegment.o
LOAD ./HAL/LCD/LCD.o
LOAD ./HAL/KeyPad/KeyPad.o
LOAD ./HAL/DC_Motor/DC_Motor.o
LOAD ./App/main.o
LOAD c:/users/lenovo/desktop/embedded training iti/imt_sdk_win_64/winavr/bin/../lib/gcc/avr/4.3.3/avr5\libgcc.a
LOAD c:/users/lenovo/desktop/embedded training iti/imt_sdk_win_64/winavr/bin/../lib/gcc/avr/4.3.3/../../../../avr/lib/avr5\libc.a
LOAD c:/users/lenovo/desktop/embedded training iti/imt_sdk_win_64/winavr/bin/../lib/gcc/avr/4.3.3/avr5\libgcc.a

.hash
 *(.hash)

.dynsym
 *(.dynsym)

.dynstr
 *(.dynstr)

.gnu.version
 *(.gnu.version)

.gnu.version_d
 *(.gnu.version_d)

.gnu.version_r
 *(.gnu.version_r)

.rel.init
 *(.rel.init)

.rela.init
 *(.rela.init)

.rel.text
 *(.rel.text)
 *(.rel.text.*)
 *(.rel.gnu.linkonce.t*)

.rela.text
 *(.rela.text)
 *(.rela.text.*)
 *(.rela.gnu.linkonce.t*)

.rel.fini
 *(.rel.fini)

.rela.fini
 *(.rela.fini)

.rel.rodata
 *(.rel.rodata)
 *(.rel.rodata.*)
 *(.rel.gnu.linkonce.r*)

.rela.rodata
 *(.rela.rodata)
 *(.rela.rodata.*)
 *(.rela.gnu.linkonce.r*)

.rel.data
 *(.rel.data)
 *(.rel.data.*)
 *(.rel.gnu.linkonce.d*)

.rela.data
 *(.rela.data)
 *(.rela.data.*)
 *(.rela.gnu.linkonce.d*)

.rel.ctors
 *(.rel.ctors)

.rela.ctors
 *(.rela.ctors)

.rel.dtors
 *(.rel.dtors)

.rela.dtors
 *(.rela.dtors)

.rel.got
 *(.rel.got)

.rela.got
 *(.rela.got)

.rel.bss
 *(.rel.bss)

.rela.bss
 *(.rela.bss)

.rel.plt
 *(.rel.plt)

.rela.plt
 *(.rela.plt)

.text           0x00000000     0x38f4
 *(.vectors)
 .vectors       0x00000000       0x54 c:/users/lenovo/desktop/embedded training iti/imt_sdk_win_64/winavr/bin/../lib/gcc/avr/4.3.3/../../../../avr/lib/avr5/crtm16.o
                0x00000000                __vectors
                0x00000000                __vector_default
 *(.vectors)
 *(.progmem.gcc*)
 *(.progmem*)
                0x00000054                . = ALIGN (0x2)
                0x00000054                __trampolines_start = .
 *(.trampolines)
 .trampolines   0x00000054        0x0 linker stubs
 *(.trampolines*)
                0x00000054                __trampolines_end = .
 *(.jumptables)
 *(.jumptables*)
 *(.lowtext)
 *(.lowtext*)
                0x00000054                __ctors_start = .
 *(.ctors)
                0x00000054                __ctors_end = .
                0x00000054                __dtors_start = .
 *(.dtors)
                0x00000054                __dtors_end = .
 SORT(*)(.ctors)
 SORT(*)(.dtors)
 *(.init0)
 .init0         0x00000054        0x0 c:/users/lenovo/desktop/embedded training iti/imt_sdk_win_64/winavr/bin/../lib/gcc/avr/4.3.3/../../../../avr/lib/avr5/crtm16.o
                0x00000054                __init
 *(.init0)
 *(.init1)
 *(.init1)
 *(.init2)
 .init2         0x00000054        0xc c:/users/lenovo/desktop/embedded training iti/imt_sdk_win_64/winavr/bin/../lib/gcc/avr/4.3.3/../../../../avr/lib/avr5/crtm16.o
 *(.init2)
 *(.init3)
 *(.init3)
 *(.init4)
 .init4         0x00000060       0x16 c:/users/lenovo/desktop/embedded training iti/imt_sdk_win_64/winavr/bin/../lib/gcc/avr/4.3.3/avr5\libgcc.a(_copy_data.o)
                0x00000060                __do_copy_data
 .init4         0x00000076       0x10 c:/users/lenovo/desktop/embedded training iti/imt_sdk_win_64/winavr/bin/../lib/gcc/avr/4.3.3/avr5\libgcc.a(_clear_bss.o)
                0x00000076                __do_clear_bss
 *(.init4)
 *(.init5)
 *(.init5)
 *(.init6)
 *(.init6)
 *(.init7)
 *(.init7)
 *(.init8)
 *(.init8)
 *(.init9)
 .init9         0x00000086        0x8 c:/users/lenovo/desktop/embedded training iti/imt_sdk_win_64/winavr/bin/../lib/gcc/avr/4.3.3/../../../../avr/lib/avr5/crtm16.o
 *(.init9)
 *(.text)
 .text          0x0000008e        0x4 c:/users/lenovo/desktop/embedded training iti/imt_sdk_win_64/winavr/bin/../lib/gcc/avr/4.3.3/../../../../avr/lib/avr5/crtm16.o
                0x0000008e                __vector_1
                0x0000008e                __vector_12
                0x0000008e                __bad_interrupt
                0x0000008e                __vector_6
                0x0000008e                __vector_3
                0x0000008e                __vector_11
                0x0000008e                __vector_13
                0x0000008e                __vector_17
                0x0000008e                __vector_19
                0x0000008e                __vector_7
                0x0000008e                __vector_5
                0x0000008e                __vector_9
                0x0000008e                __vector_2
                0x0000008e                __vector_15
                0x0000008e                __vector_8
                0x0000008e                __vector_14
                0x0000008e                __vector_18
                0x0000008e                __vector_20
 .text          0x00000092        0x0 ./MCAL/UART/UART.o
 .text          0x00000092        0x0 ./MCAL/TIMER1_PWM/TIMER1_PWM.o
 .text          0x00000092        0x0 ./MCAL/TIMER/Timer.o
 .text          0x00000092        0x0 ./MCAL/SPI/SPI.o
 .text          0x00000092        0x0 ./MCAL/EXT_INT/EXT_INT.o
 .text          0x00000092        0x0 ./MCAL/EXT_INT/GIE.o
 .text          0x00000092        0x0 ./MCAL/DIO/DIO.o
 .text          0x00000092        0x0 ./MCAL/ADC/ADC.o
 .text          0x00000092        0x0 ./HAL/SevenSegment/SevenSegment.o
 .text          0x00000092        0x0 ./HAL/LCD/LCD.o
 .text          0x00000092        0x0 ./HAL/KeyPad/KeyPad.o
 .text          0x00000092        0x0 ./HAL/DC_Motor/DC_Motor.o
 .text          0x00000092        0x0 ./App/main.o
 .text          0x00000092        0x0 c:/users/lenovo/desktop/embedded training iti/imt_sdk_win_64/winavr/bin/../lib/gcc/avr/4.3.3/avr5\libgcc.a(_mulsi3.o)
 .text          0x00000092        0x0 c:/users/lenovo/desktop/embedded training iti/imt_sdk_win_64/winavr/bin/../lib/gcc/avr/4.3.3/avr5\libgcc.a(_udivmodqi4.o)
 .text          0x00000092        0x0 c:/users/lenovo/desktop/embedded training iti/imt_sdk_win_64/winavr/bin/../lib/gcc/avr/4.3.3/avr5\libgcc.a(_udivmodsi4.o)
 .text          0x00000092        0x0 c:/users/lenovo/desktop/embedded training iti/imt_sdk_win_64/winavr/bin/../lib/gcc/avr/4.3.3/avr5\libgcc.a(_divmodsi4.o)
 .text          0x00000092        0x0 c:/users/lenovo/desktop/embedded training iti/imt_sdk_win_64/winavr/bin/../lib/gcc/avr/4.3.3/avr5\libgcc.a(_exit.o)
 .text          0x00000092        0x0 c:/users/lenovo/desktop/embedded training iti/imt_sdk_win_64/winavr/bin/../lib/gcc/avr/4.3.3/avr5\libgcc.a(_copy_data.o)
 .text          0x00000092        0x0 c:/users/lenovo/desktop/embedded training iti/imt_sdk_win_64/winavr/bin/../lib/gcc/avr/4.3.3/avr5\libgcc.a(_clear_bss.o)
 .text          0x00000092       0x58 c:/users/lenovo/desktop/embedded training iti/imt_sdk_win_64/winavr/bin/../lib/gcc/avr/4.3.3/avr5\libgcc.a(_fixunssfsi.o)
                0x00000092                __fixunssfsi
 .text          0x000000ea      0x354 c:/users/lenovo/desktop/embedded training iti/imt_sdk_win_64/winavr/bin/../lib/gcc/avr/4.3.3/avr5\libgcc.a(_addsub_sf.o)
                0x00000382                __subsf3
                0x000003e4                __addsf3
 .text          0x0000043e      0x1f4 c:/users/lenovo/desktop/embedded training iti/imt_sdk_win_64/winavr/bin/../lib/gcc/avr/4.3.3/avr5\libgcc.a(_mul_sf.o)
                0x0000043e                __mulsf3
 .text          0x00000632       0x60 c:/users/lenovo/desktop/embedded training iti/imt_sdk_win_64/winavr/bin/../lib/gcc/avr/4.3.3/avr5\libgcc.a(_gt_sf.o)
                0x00000632                __gtsf2
 .text          0x00000692       0x60 c:/users/lenovo/desktop/embedded training iti/imt_sdk_win_64/winavr/bin/../lib/gcc/avr/4.3.3/avr5\libgcc.a(_ge_sf.o)
                0x00000692                __gesf2
 .text          0x000006f2       0x60 c:/users/lenovo/desktop/embedded training iti/imt_sdk_win_64/winavr/bin/../lib/gcc/avr/4.3.3/avr5\libgcc.a(_lt_sf.o)
                0x000006f2                __ltsf2
 .text          0x00000752       0xa8 c:/users/lenovo/desktop/embedded training iti/imt_sdk_win_64/winavr/bin/../lib/gcc/avr/4.3.3/avr5\libgcc.a(_sf_to_si.o)
                0x00000752                __fixsfsi
 .text          0x000007fa        0x0 c:/users/lenovo/desktop/embedded training iti/imt_sdk_win_64/winavr/bin/../lib/gcc/avr/4.3.3/avr5\libgcc.a(_thenan_sf.o)
 .text          0x000007fa        0x0 c:/users/lenovo/desktop/embedded training iti/imt_sdk_win_64/winavr/bin/../lib/gcc/avr/4.3.3/avr5\libgcc.a(_prologue.o)
 .text          0x000007fa        0x0 c:/users/lenovo/desktop/embedded training iti/imt_sdk_win_64/winavr/bin/../lib/gcc/avr/4.3.3/avr5\libgcc.a(_epilogue.o)
 .text          0x000007fa      0x1aa c:/users/lenovo/desktop/embedded training iti/imt_sdk_win_64/winavr/bin/../lib/gcc/avr/4.3.3/avr5\libgcc.a(_pack_sf.o)
                0x000007fa                __pack_f
 .text          0x000009a4       0xf0 c:/users/lenovo/desktop/embedded training iti/imt_sdk_win_64/winavr/bin/../lib/gcc/avr/4.3.3/avr5\libgcc.a(_unpack_sf.o)
                0x000009a4                __unpack_f
 .text          0x00000a94       0xb2 c:/users/lenovo/desktop/embedded training iti/imt_sdk_win_64/winavr/bin/../lib/gcc/avr/4.3.3/avr5\libgcc.a(_fpcmp_parts_sf.o)
                0x00000a94                __fpcmp_parts_f
                0x00000b46                . = ALIGN (0x2)
 *(.text.*)
 .text.MUART_voidInit
                0x00000b46       0x3a ./MCAL/UART/UART.o
                0x00000b46                MUART_voidInit
 .text.MUART_voidTransmitData
                0x00000b80       0x24 ./MCAL/UART/UART.o
                0x00000b80                MUART_voidTransmitData
 .text.MUART_u8RecieveData
                0x00000ba4       0x1e ./MCAL/UART/UART.o
                0x00000ba4                MUART_u8RecieveData
 .text.MUART_voidSetBaudRate
                0x00000bc2       0x2a ./MCAL/UART/UART.o
                0x00000bc2                MUART_voidSetBaudRate
 .text.MUART_voidSendString
                0x00000bec      0x132 ./MCAL/UART/UART.o
                0x00000bec                MUART_voidSendString
 .text.MUART_voidRecieveString
                0x00000d1e       0x70 ./MCAL/UART/UART.o
                0x00000d1e                MUART_voidRecieveString
 .text.MUART_voidSendNumber
                0x00000d8e       0xde ./MCAL/UART/UART.o
                0x00000d8e                MUART_voidSendNumber
 .text.MTIMR1_voidTimer1Init
                0x00000e6c       0x8c ./MCAL/TIMER1_PWM/TIMER1_PWM.o
                0x00000e6c                MTIMR1_voidTimer1Init
 .text.MTIMR1_voidSetICR
                0x00000ef8       0x24 ./MCAL/TIMER1_PWM/TIMER1_PWM.o
                0x00000ef8                MTIMR1_voidSetICR
 .text.MTIMR1_voidTimer1SetCompMatchA
                0x00000f1c       0x24 ./MCAL/TIMER1_PWM/TIMER1_PWM.o
                0x00000f1c                MTIMR1_voidTimer1SetCompMatchA
 .text.MTIMR1_voidTimer1SetCompMatchB
                0x00000f40       0x24 ./MCAL/TIMER1_PWM/TIMER1_PWM.o
                0x00000f40                MTIMR1_voidTimer1SetCompMatchB
 .text.MTIMER_voidInit
                0x00000f64       0x92 ./MCAL/TIMER/Timer.o
                0x00000f64                MTIMER_voidInit
 .text.MTIMER_voidStart
                0x00000ff6       0x5a ./MCAL/TIMER/Timer.o
                0x00000ff6                MTIMER_voidStart
 .text.MTIMR_voidSetCompareMatch
                0x00001050       0x4e ./MCAL/TIMER/Timer.o
                0x00001050                MTIMR_voidSetCompareMatch
 .text.MTIMER_voidEnable
                0x0000109e       0x7a ./MCAL/TIMER/Timer.o
                0x0000109e                MTIMER_voidEnable
 .text.MTIMER_voidDisable
                0x00001118       0x2c ./MCAL/TIMER/Timer.o
                0x00001118                MTIMER_voidDisable
 .text.MTIMER_voidSetPreLoad
                0x00001144       0x1c ./MCAL/TIMER/Timer.o
                0x00001144                MTIMER_voidSetPreLoad
 .text.MTIMER_voidSetCounts
                0x00001160       0x3a ./MCAL/TIMER/Timer.o
                0x00001160                MTIMER_voidSetCounts
 .text.MTimer_voidSetCallBack
                0x0000119a       0x72 ./MCAL/TIMER/Timer.o
                0x0000119a                MTimer_voidSetCallBack
 .text.__vector_10
                0x0000120c       0x5a ./MCAL/TIMER/Timer.o
                0x0000120c                __vector_10
 .text.__vector_4
                0x00001266       0x5a ./MCAL/TIMER/Timer.o
                0x00001266                __vector_4
 .text.SPI_MasterInit
                0x000012c0       0x32 ./MCAL/SPI/SPI.o
                0x000012c0                SPI_MasterInit
 .text.SPI_MasterTrancieve
                0x000012f2       0x2a ./MCAL/SPI/SPI.o
                0x000012f2                SPI_MasterTrancieve
 .text.SPI_SlaveInit
                0x0000131c       0x28 ./MCAL/SPI/SPI.o
                0x0000131c                SPI_SlaveInit
 .text.MEXTINT_voidSenseControl
                0x00001344      0x1fe ./MCAL/EXT_INT/EXT_INT.o
                0x00001344                MEXTINT_voidSenseControl
 .text.MEXTINT_voidEnableInt
                0x00001542       0x6e ./MCAL/EXT_INT/EXT_INT.o
                0x00001542                MEXTINT_voidEnableInt
 .text.MEXTINT_voidDisableInt
                0x000015b0       0x6e ./MCAL/EXT_INT/EXT_INT.o
                0x000015b0                MEXTINT_voidDisableInt
 .text.MGIR_voidEnable
                0x0000161e       0x1c ./MCAL/EXT_INT/GIE.o
                0x0000161e                MGIR_voidEnable
 .text.MGIR_voidDisEnable
                0x0000163a       0x1c ./MCAL/EXT_INT/GIE.o
                0x0000163a                MGIR_voidDisEnable
 .text.MDIO_voidSetPinDirection
                0x00001656      0x22e ./MCAL/DIO/DIO.o
                0x00001656                MDIO_voidSetPinDirection
 .text.MDIO_voidSetPinValue
                0x00001884      0x22e ./MCAL/DIO/DIO.o
                0x00001884                MDIO_voidSetPinValue
 .text.MDIO_u8GetPinValue
                0x00001ab2       0xf2 ./MCAL/DIO/DIO.o
                0x00001ab2                MDIO_u8GetPinValue
 .text.MDIO_voidTogglePin
                0x00001ba4       0xfa ./MCAL/DIO/DIO.o
                0x00001ba4                MDIO_voidTogglePin
 .text.MDIO_voidSetPortDirection
                0x00001c9e      0x14a ./MCAL/DIO/DIO.o
                0x00001c9e                MDIO_voidSetPortDirection
 .text.MDIO_voidSetPortValue
                0x00001de8       0x82 ./MCAL/DIO/DIO.o
                0x00001de8                MDIO_voidSetPortValue
 .text.MDIO_u8GetPortValue
                0x00001e6a       0x82 ./MCAL/DIO/DIO.o
                0x00001e6a                MDIO_u8GetPortValue
 .text.MADC_voidInit
                0x00001eec       0x72 ./MCAL/ADC/ADC.o
                0x00001eec                MADC_voidInit
 .text.MADC_u16ConvertToDigital_Polling
                0x00001f5e       0x6e ./MCAL/ADC/ADC.o
                0x00001f5e                MADC_u16ConvertToDigital_Polling
 .text.MADC_voidConvertToDigital_Interrupt
                0x00001fcc       0x3c ./MCAL/ADC/ADC.o
                0x00001fcc                MADC_voidConvertToDigital_Interrupt
 .text.MADC_voidSetCallBack
                0x00002008       0x24 ./MCAL/ADC/ADC.o
                0x00002008                MADC_voidSetCallBack
 .text.__vector_16
                0x0000202c       0x5a ./MCAL/ADC/ADC.o
                0x0000202c                __vector_16
 .text.H7seg_InitPort
                0x00002086       0x1c ./HAL/SevenSegment/SevenSegment.o
                0x00002086                H7seg_InitPort
 .text.H7seg_voidDisplayNum
                0x000020a2       0x34 ./HAL/SevenSegment/SevenSegment.o
                0x000020a2                H7seg_voidDisplayNum
 .text.H7seg_voidCountUp
                0x000020d6      0x144 ./HAL/SevenSegment/SevenSegment.o
                0x000020d6                H7seg_voidCountUp
 .text.H7seg_voidTurnOff
                0x0000221a       0x1c ./HAL/SevenSegment/SevenSegment.o
                0x0000221a                H7seg_voidTurnOff
 .text.H7seg_voidCountDown
                0x00002236      0x12a ./HAL/SevenSegment/SevenSegment.o
                0x00002236                H7seg_voidCountDown
 .text.H7seg_voidStartClock
                0x00002360      0x1a2 ./HAL/SevenSegment/SevenSegment.o
                0x00002360                H7seg_voidStartClock
 .text.HLCD_voidSendCommand
                0x00002502      0x246 ./HAL/LCD/LCD.o
                0x00002502                HLCD_voidSendCommand
 .text.HLCD_voidSendData
                0x00002748      0x246 ./HAL/LCD/LCD.o
                0x00002748                HLCD_voidSendData
 .text.HLCD_void8bitInit
                0x0000298e      0x3ce ./HAL/LCD/LCD.o
                0x0000298e                HLCD_void8bitInit
 .text.HLCD_voidClear
                0x00002d5c      0x110 ./HAL/LCD/LCD.o
                0x00002d5c                HLCD_voidClear
 .text.HLCD_voidSetCursor
                0x00002e6c       0x50 ./HAL/LCD/LCD.o
                0x00002e6c                HLCD_voidSetCursor
 .text.HLCD_voidSendString
                0x00002ebc       0x3a ./HAL/LCD/LCD.o
                0x00002ebc                HLCD_voidSendString
 .text.HLCD_voidDisplayChar
                0x00002ef6       0x1a ./HAL/LCD/LCD.o
                0x00002ef6                HLCD_voidDisplayChar
 .text.HLCD_voidDisplayNum
                0x00002f10      0x1ca ./HAL/LCD/LCD.o
                0x00002f10                HLCD_voidDisplayNum
 .text.HLCD_voidSaveCustomChar
                0x000030da       0x64 ./HAL/LCD/LCD.o
                0x000030da                HLCD_voidSaveCustomChar
 .text.HLCD_voidDisplayCustomChar
                0x0000313e       0x20 ./HAL/LCD/LCD.o
                0x0000313e                HLCD_voidDisplayCustomChar
 .text.HKPD_voidInit
                0x0000315e       0x2e ./HAL/KeyPad/KeyPad.o
                0x0000315e                HKPD_voidInit
 .text.HKPD_u8GetKeyPressed
                0x0000318c      0x19c ./HAL/KeyPad/KeyPad.o
                0x0000318c                HKPD_u8GetKeyPressed
 .text.HDCM_voidInitPort
                0x00003328       0x32 ./HAL/DC_Motor/DC_Motor.o
                0x00003328                HDCM_voidInitPort
 .text.HDCM_voidRotateClockWise
                0x0000335a       0x26 ./HAL/DC_Motor/DC_Motor.o
                0x0000335a                HDCM_voidRotateClockWise
 .text.HDCM_voidRotateAntiClockWise
                0x00003380       0x22 ./HAL/DC_Motor/DC_Motor.o
                0x00003380                HDCM_voidRotateAntiClockWise
 .text.main     0x000033a2      0x410 ./App/main.o
                0x000033a2                main
 .text.libgcc   0x000037b2       0x3e c:/users/lenovo/desktop/embedded training iti/imt_sdk_win_64/winavr/bin/../lib/gcc/avr/4.3.3/avr5\libgcc.a(_mulsi3.o)
                0x000037b2                __mulsi3
 .text.libgcc   0x000037f0       0x18 c:/users/lenovo/desktop/embedded training iti/imt_sdk_win_64/winavr/bin/../lib/gcc/avr/4.3.3/avr5\libgcc.a(_udivmodqi4.o)
                0x000037f0                __udivmodqi4
 .text.libgcc   0x00003808       0x44 c:/users/lenovo/desktop/embedded training iti/imt_sdk_win_64/winavr/bin/../lib/gcc/avr/4.3.3/avr5\libgcc.a(_udivmodsi4.o)
                0x00003808                __udivmodsi4
 .text.libgcc   0x0000384c       0x36 c:/users/lenovo/desktop/embedded training iti/imt_sdk_win_64/winavr/bin/../lib/gcc/avr/4.3.3/avr5\libgcc.a(_divmodsi4.o)
                0x0000384c                __divmodsi4
 .text.libgcc   0x00003882        0x0 c:/users/lenovo/desktop/embedded training iti/imt_sdk_win_64/winavr/bin/../lib/gcc/avr/4.3.3/avr5\libgcc.a(_exit.o)
 .text.libgcc   0x00003882        0x0 c:/users/lenovo/desktop/embedded training iti/imt_sdk_win_64/winavr/bin/../lib/gcc/avr/4.3.3/avr5\libgcc.a(_copy_data.o)
 .text.libgcc   0x00003882        0x0 c:/users/lenovo/desktop/embedded training iti/imt_sdk_win_64/winavr/bin/../lib/gcc/avr/4.3.3/avr5\libgcc.a(_clear_bss.o)
 .text.libgcc   0x00003882       0x38 c:/users/lenovo/desktop/embedded training iti/imt_sdk_win_64/winavr/bin/../lib/gcc/avr/4.3.3/avr5\libgcc.a(_prologue.o)
                0x00003882                __prologue_saves__
 .text.libgcc   0x000038ba       0x36 c:/users/lenovo/desktop/embedded training iti/imt_sdk_win_64/winavr/bin/../lib/gcc/avr/4.3.3/avr5\libgcc.a(_epilogue.o)
                0x000038ba                __epilogue_restores__
                0x000038f0                . = ALIGN (0x2)
 *(.fini9)
 .fini9         0x000038f0        0x0 c:/users/lenovo/desktop/embedded training iti/imt_sdk_win_64/winavr/bin/../lib/gcc/avr/4.3.3/avr5\libgcc.a(_exit.o)
                0x000038f0                exit
                0x000038f0                _exit
 *(.fini9)
 *(.fini8)
 *(.fini8)
 *(.fini7)
 *(.fini7)
 *(.fini6)
 *(.fini6)
 *(.fini5)
 *(.fini5)
 *(.fini4)
 *(.fini4)
 *(.fini3)
 *(.fini3)
 *(.fini2)
 *(.fini2)
 *(.fini1)
 *(.fini1)
 *(.fini0)
 .fini0         0x000038f0        0x4 c:/users/lenovo/desktop/embedded training iti/imt_sdk_win_64/winavr/bin/../lib/gcc/avr/4.3.3/avr5\libgcc.a(_exit.o)
 *(.fini0)
                0x000038f4                _etext = .

.data           0x00800060       0x22 load address 0x000038f4
                0x00800060                PROVIDE (__data_start, .)
 *(.data)
 .data          0x00800060        0x0 c:/users/lenovo/desktop/embedded training iti/imt_sdk_win_64/winavr/bin/../lib/gcc/avr/4.3.3/../../../../avr/lib/avr5/crtm16.o
 .data          0x00800060        0x0 ./MCAL/UART/UART.o
 .data          0x00800060        0x0 ./MCAL/TIMER1_PWM/TIMER1_PWM.o
 .data          0x00800060        0x0 ./MCAL/TIMER/Timer.o
 .data          0x00800060        0x0 ./MCAL/SPI/SPI.o
 .data          0x00800060        0x0 ./MCAL/EXT_INT/EXT_INT.o
 .data          0x00800060        0x0 ./MCAL/EXT_INT/GIE.o
 .data          0x00800060        0x0 ./MCAL/DIO/DIO.o
 .data          0x00800060        0x0 ./MCAL/ADC/ADC.o
 .data          0x00800060        0x0 ./HAL/SevenSegment/SevenSegment.o
 .data          0x00800060        0x0 ./HAL/LCD/LCD.o
 .data          0x00800060        0x0 ./HAL/KeyPad/KeyPad.o
 .data          0x00800060        0x0 ./HAL/DC_Motor/DC_Motor.o
 .data          0x00800060        0x0 ./App/main.o
 .data          0x00800060        0x0 c:/users/lenovo/desktop/embedded training iti/imt_sdk_win_64/winavr/bin/../lib/gcc/avr/4.3.3/avr5\libgcc.a(_mulsi3.o)
 .data          0x00800060        0x0 c:/users/lenovo/desktop/embedded training iti/imt_sdk_win_64/winavr/bin/../lib/gcc/avr/4.3.3/avr5\libgcc.a(_udivmodqi4.o)
 .data          0x00800060        0x0 c:/users/lenovo/desktop/embedded training iti/imt_sdk_win_64/winavr/bin/../lib/gcc/avr/4.3.3/avr5\libgcc.a(_udivmodsi4.o)
 .data          0x00800060        0x0 c:/users/lenovo/desktop/embedded training iti/imt_sdk_win_64/winavr/bin/../lib/gcc/avr/4.3.3/avr5\libgcc.a(_divmodsi4.o)
 .data          0x00800060        0x0 c:/users/lenovo/desktop/embedded training iti/imt_sdk_win_64/winavr/bin/../lib/gcc/avr/4.3.3/avr5\libgcc.a(_exit.o)
 .data          0x00800060        0x0 c:/users/lenovo/desktop/embedded training iti/imt_sdk_win_64/winavr/bin/../lib/gcc/avr/4.3.3/avr5\libgcc.a(_copy_data.o)
 .data          0x00800060        0x0 c:/users/lenovo/desktop/embedded training iti/imt_sdk_win_64/winavr/bin/../lib/gcc/avr/4.3.3/avr5\libgcc.a(_clear_bss.o)
 .data          0x00800060        0x0 c:/users/lenovo/desktop/embedded training iti/imt_sdk_win_64/winavr/bin/../lib/gcc/avr/4.3.3/avr5\libgcc.a(_fixunssfsi.o)
 .data          0x00800060        0x0 c:/users/lenovo/desktop/embedded training iti/imt_sdk_win_64/winavr/bin/../lib/gcc/avr/4.3.3/avr5\libgcc.a(_addsub_sf.o)
 .data          0x00800060        0x0 c:/users/lenovo/desktop/embedded training iti/imt_sdk_win_64/winavr/bin/../lib/gcc/avr/4.3.3/avr5\libgcc.a(_mul_sf.o)
 .data          0x00800060        0x0 c:/users/lenovo/desktop/embedded training iti/imt_sdk_win_64/winavr/bin/../lib/gcc/avr/4.3.3/avr5\libgcc.a(_gt_sf.o)
 .data          0x00800060        0x0 c:/users/lenovo/desktop/embedded training iti/imt_sdk_win_64/winavr/bin/../lib/gcc/avr/4.3.3/avr5\libgcc.a(_ge_sf.o)
 .data          0x00800060        0x0 c:/users/lenovo/desktop/embedded training iti/imt_sdk_win_64/winavr/bin/../lib/gcc/avr/4.3.3/avr5\libgcc.a(_lt_sf.o)
 .data          0x00800060        0x0 c:/users/lenovo/desktop/embedded training iti/imt_sdk_win_64/winavr/bin/../lib/gcc/avr/4.3.3/avr5\libgcc.a(_sf_to_si.o)
 .data          0x00800060        0x8 c:/users/lenovo/desktop/embedded training iti/imt_sdk_win_64/winavr/bin/../lib/gcc/avr/4.3.3/avr5\libgcc.a(_thenan_sf.o)
                0x00800060                __thenan_sf
 .data          0x00800068        0x0 c:/users/lenovo/desktop/embedded training iti/imt_sdk_win_64/winavr/bin/../lib/gcc/avr/4.3.3/avr5\libgcc.a(_prologue.o)
 .data          0x00800068        0x0 c:/users/lenovo/desktop/embedded training iti/imt_sdk_win_64/winavr/bin/../lib/gcc/avr/4.3.3/avr5\libgcc.a(_epilogue.o)
 .data          0x00800068        0x0 c:/users/lenovo/desktop/embedded training iti/imt_sdk_win_64/winavr/bin/../lib/gcc/avr/4.3.3/avr5\libgcc.a(_pack_sf.o)
 .data          0x00800068        0x0 c:/users/lenovo/desktop/embedded training iti/imt_sdk_win_64/winavr/bin/../lib/gcc/avr/4.3.3/avr5\libgcc.a(_unpack_sf.o)
 .data          0x00800068        0x0 c:/users/lenovo/desktop/embedded training iti/imt_sdk_win_64/winavr/bin/../lib/gcc/avr/4.3.3/avr5\libgcc.a(_fpcmp_parts_sf.o)
 *(.data*)
 .data.G_NumArr
                0x00800068        0xa ./HAL/SevenSegment/SevenSegment.o
                0x00800068                G_NumArr
 .data.G_u8Grid
                0x00800072       0x10 ./HAL/KeyPad/KeyPad.o
                0x00800072                G_u8Grid
 *(.rodata)
 *(.rodata*)
 *(.gnu.linkonce.d*)
                0x00800082                . = ALIGN (0x2)
                0x00800082                _edata = .
                0x00800082                PROVIDE (__data_end, .)

.bss            0x00800082       0x10
                0x00800082                PROVIDE (__bss_start, .)
 *(.bss)
 .bss           0x00800082        0x0 c:/users/lenovo/desktop/embedded training iti/imt_sdk_win_64/winavr/bin/../lib/gcc/avr/4.3.3/../../../../avr/lib/avr5/crtm16.o
 .bss           0x00800082        0x0 ./MCAL/UART/UART.o
 .bss           0x00800082        0x0 ./MCAL/TIMER1_PWM/TIMER1_PWM.o
 .bss           0x00800082        0x0 ./MCAL/TIMER/Timer.o
 .bss           0x00800082        0x0 ./MCAL/SPI/SPI.o
 .bss           0x00800082        0x0 ./MCAL/EXT_INT/EXT_INT.o
 .bss           0x00800082        0x0 ./MCAL/EXT_INT/GIE.o
 .bss           0x00800082        0x0 ./MCAL/DIO/DIO.o
 .bss           0x00800082        0x0 ./MCAL/ADC/ADC.o
 .bss           0x00800082        0x0 ./HAL/SevenSegment/SevenSegment.o
 .bss           0x00800082        0x0 ./HAL/LCD/LCD.o
 .bss           0x00800082        0x0 ./HAL/KeyPad/KeyPad.o
 .bss           0x00800082        0x0 ./HAL/DC_Motor/DC_Motor.o
 .bss           0x00800082        0x0 ./App/main.o
 .bss           0x00800082        0x0 c:/users/lenovo/desktop/embedded training iti/imt_sdk_win_64/winavr/bin/../lib/gcc/avr/4.3.3/avr5\libgcc.a(_mulsi3.o)
 .bss           0x00800082        0x0 c:/users/lenovo/desktop/embedded training iti/imt_sdk_win_64/winavr/bin/../lib/gcc/avr/4.3.3/avr5\libgcc.a(_udivmodqi4.o)
 .bss           0x00800082        0x0 c:/users/lenovo/desktop/embedded training iti/imt_sdk_win_64/winavr/bin/../lib/gcc/avr/4.3.3/avr5\libgcc.a(_udivmodsi4.o)
 .bss           0x00800082        0x0 c:/users/lenovo/desktop/embedded training iti/imt_sdk_win_64/winavr/bin/../lib/gcc/avr/4.3.3/avr5\libgcc.a(_divmodsi4.o)
 .bss           0x00800082        0x0 c:/users/lenovo/desktop/embedded training iti/imt_sdk_win_64/winavr/bin/../lib/gcc/avr/4.3.3/avr5\libgcc.a(_exit.o)
 .bss           0x00800082        0x0 c:/users/lenovo/desktop/embedded training iti/imt_sdk_win_64/winavr/bin/../lib/gcc/avr/4.3.3/avr5\libgcc.a(_copy_data.o)
 .bss           0x00800082        0x0 c:/users/lenovo/desktop/embedded training iti/imt_sdk_win_64/winavr/bin/../lib/gcc/avr/4.3.3/avr5\libgcc.a(_clear_bss.o)
 .bss           0x00800082        0x0 c:/users/lenovo/desktop/embedded training iti/imt_sdk_win_64/winavr/bin/../lib/gcc/avr/4.3.3/avr5\libgcc.a(_fixunssfsi.o)
 .bss           0x00800082        0x0 c:/users/lenovo/desktop/embedded training iti/imt_sdk_win_64/winavr/bin/../lib/gcc/avr/4.3.3/avr5\libgcc.a(_addsub_sf.o)
 .bss           0x00800082        0x0 c:/users/lenovo/desktop/embedded training iti/imt_sdk_win_64/winavr/bin/../lib/gcc/avr/4.3.3/avr5\libgcc.a(_mul_sf.o)
 .bss           0x00800082        0x0 c:/users/lenovo/desktop/embedded training iti/imt_sdk_win_64/winavr/bin/../lib/gcc/avr/4.3.3/avr5\libgcc.a(_gt_sf.o)
 .bss           0x00800082        0x0 c:/users/lenovo/desktop/embedded training iti/imt_sdk_win_64/winavr/bin/../lib/gcc/avr/4.3.3/avr5\libgcc.a(_ge_sf.o)
 .bss           0x00800082        0x0 c:/users/lenovo/desktop/embedded training iti/imt_sdk_win_64/winavr/bin/../lib/gcc/avr/4.3.3/avr5\libgcc.a(_lt_sf.o)
 .bss           0x00800082        0x0 c:/users/lenovo/desktop/embedded training iti/imt_sdk_win_64/winavr/bin/../lib/gcc/avr/4.3.3/avr5\libgcc.a(_sf_to_si.o)
 .bss           0x00800082        0x0 c:/users/lenovo/desktop/embedded training iti/imt_sdk_win_64/winavr/bin/../lib/gcc/avr/4.3.3/avr5\libgcc.a(_thenan_sf.o)
 .bss           0x00800082        0x0 c:/users/lenovo/desktop/embedded training iti/imt_sdk_win_64/winavr/bin/../lib/gcc/avr/4.3.3/avr5\libgcc.a(_prologue.o)
 .bss           0x00800082        0x0 c:/users/lenovo/desktop/embedded training iti/imt_sdk_win_64/winavr/bin/../lib/gcc/avr/4.3.3/avr5\libgcc.a(_epilogue.o)
 .bss           0x00800082        0x0 c:/users/lenovo/desktop/embedded training iti/imt_sdk_win_64/winavr/bin/../lib/gcc/avr/4.3.3/avr5\libgcc.a(_pack_sf.o)
 .bss           0x00800082        0x0 c:/users/lenovo/desktop/embedded training iti/imt_sdk_win_64/winavr/bin/../lib/gcc/avr/4.3.3/avr5\libgcc.a(_unpack_sf.o)
 .bss           0x00800082        0x0 c:/users/lenovo/desktop/embedded training iti/imt_sdk_win_64/winavr/bin/../lib/gcc/avr/4.3.3/avr5\libgcc.a(_fpcmp_parts_sf.o)
 *(.bss*)
 .bss.G_u16Counter
                0x00800082        0x2 ./MCAL/TIMER/Timer.o
 .bss.PvoidFuncCallBack
                0x00800084        0x6 ./MCAL/TIMER/Timer.o
 *(COMMON)
 COMMON         0x0080008a        0x5 ./MCAL/TIMER/Timer.o
                0x0080008a                G_u16OverFlowCount
                0x0080008e                G_u8Preload
 COMMON         0x0080008f        0x2 ./MCAL/ADC/ADC.o
                0x0080008f                ADC_callback
 COMMON         0x00800091        0x1 ./HAL/KeyPad/KeyPad.o
                0x00800091                G_u8PortNum
                0x00800092                PROVIDE (__bss_end, .)
                0x000038f4                __data_load_start = LOADADDR (.data)
                0x00003916                __data_load_end = (__data_load_start + SIZEOF (.data))

.noinit         0x00800092        0x0
                0x00800092                PROVIDE (__noinit_start, .)
 *(.noinit*)
                0x00800092                PROVIDE (__noinit_end, .)
                0x00800092                _end = .
                0x00800092                PROVIDE (__heap_start, .)

.eeprom         0x00810000        0x0
 *(.eeprom*)
                0x00810000                __eeprom_end = .

.fuse
 *(.fuse)
 *(.lfuse)
 *(.hfuse)
 *(.efuse)

.lock
 *(.lock*)

.signature
 *(.signature*)

.stab           0x00000000     0x3ee8
 *(.stab)
 .stab          0x00000000      0x6fc ./MCAL/UART/UART.o
 .stab          0x000006fc      0x2ac ./MCAL/TIMER1_PWM/TIMER1_PWM.o
                                0x2b8 (size before relaxing)
 .stab          0x000009a8      0x4ec ./MCAL/TIMER/Timer.o
                                0x4f8 (size before relaxing)
 .stab          0x00000e94      0x258 ./MCAL/SPI/SPI.o
                                0x264 (size before relaxing)
 .stab          0x000010ec      0x36c ./MCAL/EXT_INT/EXT_INT.o
                                0x378 (size before relaxing)
 .stab          0x00001458      0x1c8 ./MCAL/EXT_INT/GIE.o
                                0x1d4 (size before relaxing)
 .stab          0x00001620      0x66c ./MCAL/DIO/DIO.o
                                0x678 (size before relaxing)
 .stab          0x00001c8c      0x324 ./MCAL/ADC/ADC.o
                                0x330 (size before relaxing)
 .stab          0x00001fb0      0x768 ./HAL/SevenSegment/SevenSegment.o
                                0x900 (size before relaxing)
 .stab          0x00002718      0xcb4 ./HAL/LCD/LCD.o
                                0xe4c (size before relaxing)
 .stab          0x000033cc      0x3d8 ./HAL/KeyPad/KeyPad.o
                                0x570 (size before relaxing)
 .stab          0x000037a4      0x240 ./HAL/DC_Motor/DC_Motor.o
                                0x24c (size before relaxing)
 .stab          0x000039e4      0x504 ./App/main.o
                                0x69c (size before relaxing)

.stabstr        0x00000000     0x190a
 *(.stabstr)
 .stabstr       0x00000000     0x190a ./MCAL/UART/UART.o

.stab.excl
 *(.stab.excl)

.stab.exclstr
 *(.stab.exclstr)

.stab.index
 *(.stab.index)

.stab.indexstr
 *(.stab.indexstr)

.comment
 *(.comment)

.debug
 *(.debug)

.line
 *(.line)

.debug_srcinfo
 *(.debug_srcinfo)

.debug_sfnames
 *(.debug_sfnames)

.debug_aranges  0x00000000      0x140
 *(.debug_aranges)
 .debug_aranges
                0x00000000       0x20 c:/users/lenovo/desktop/embedded training iti/imt_sdk_win_64/winavr/bin/../lib/gcc/avr/4.3.3/avr5\libgcc.a(_fixunssfsi.o)
 .debug_aranges
                0x00000020       0x20 c:/users/lenovo/desktop/embedded training iti/imt_sdk_win_64/winavr/bin/../lib/gcc/avr/4.3.3/avr5\libgcc.a(_addsub_sf.o)
 .debug_aranges
                0x00000040       0x20 c:/users/lenovo/desktop/embedded training iti/imt_sdk_win_64/winavr/bin/../lib/gcc/avr/4.3.3/avr5\libgcc.a(_mul_sf.o)
 .debug_aranges
                0x00000060       0x20 c:/users/lenovo/desktop/embedded training iti/imt_sdk_win_64/winavr/bin/../lib/gcc/avr/4.3.3/avr5\libgcc.a(_gt_sf.o)
 .debug_aranges
                0x00000080       0x20 c:/users/lenovo/desktop/embedded training iti/imt_sdk_win_64/winavr/bin/../lib/gcc/avr/4.3.3/avr5\libgcc.a(_ge_sf.o)
 .debug_aranges
                0x000000a0       0x20 c:/users/lenovo/desktop/embedded training iti/imt_sdk_win_64/winavr/bin/../lib/gcc/avr/4.3.3/avr5\libgcc.a(_lt_sf.o)
 .debug_aranges
                0x000000c0       0x20 c:/users/lenovo/desktop/embedded training iti/imt_sdk_win_64/winavr/bin/../lib/gcc/avr/4.3.3/avr5\libgcc.a(_sf_to_si.o)
 .debug_aranges
                0x000000e0       0x20 c:/users/lenovo/desktop/embedded training iti/imt_sdk_win_64/winavr/bin/../lib/gcc/avr/4.3.3/avr5\libgcc.a(_pack_sf.o)
 .debug_aranges
                0x00000100       0x20 c:/users/lenovo/desktop/embedded training iti/imt_sdk_win_64/winavr/bin/../lib/gcc/avr/4.3.3/avr5\libgcc.a(_unpack_sf.o)
 .debug_aranges
                0x00000120       0x20 c:/users/lenovo/desktop/embedded training iti/imt_sdk_win_64/winavr/bin/../lib/gcc/avr/4.3.3/avr5\libgcc.a(_fpcmp_parts_sf.o)

.debug_pubnames
                0x00000000      0x170
 *(.debug_pubnames)
 .debug_pubnames
                0x00000000       0x23 c:/users/lenovo/desktop/embedded training iti/imt_sdk_win_64/winavr/bin/../lib/gcc/avr/4.3.3/avr5\libgcc.a(_fixunssfsi.o)
 .debug_pubnames
                0x00000023       0x2c c:/users/lenovo/desktop/embedded training iti/imt_sdk_win_64/winavr/bin/../lib/gcc/avr/4.3.3/avr5\libgcc.a(_addsub_sf.o)
 .debug_pubnames
                0x0000004f       0x1f c:/users/lenovo/desktop/embedded training iti/imt_sdk_win_64/winavr/bin/../lib/gcc/avr/4.3.3/avr5\libgcc.a(_mul_sf.o)
 .debug_pubnames
                0x0000006e       0x1e c:/users/lenovo/desktop/embedded training iti/imt_sdk_win_64/winavr/bin/../lib/gcc/avr/4.3.3/avr5\libgcc.a(_gt_sf.o)
 .debug_pubnames
                0x0000008c       0x1e c:/users/lenovo/desktop/embedded training iti/imt_sdk_win_64/winavr/bin/../lib/gcc/avr/4.3.3/avr5\libgcc.a(_ge_sf.o)
 .debug_pubnames
                0x000000aa       0x1e c:/users/lenovo/desktop/embedded training iti/imt_sdk_win_64/winavr/bin/../lib/gcc/avr/4.3.3/avr5\libgcc.a(_lt_sf.o)
 .debug_pubnames
                0x000000c8       0x20 c:/users/lenovo/desktop/embedded training iti/imt_sdk_win_64/winavr/bin/../lib/gcc/avr/4.3.3/avr5\libgcc.a(_sf_to_si.o)
 .debug_pubnames
                0x000000e8       0x22 c:/users/lenovo/desktop/embedded training iti/imt_sdk_win_64/winavr/bin/../lib/gcc/avr/4.3.3/avr5\libgcc.a(_thenan_sf.o)
 .debug_pubnames
                0x0000010a       0x1f c:/users/lenovo/desktop/embedded training iti/imt_sdk_win_64/winavr/bin/../lib/gcc/avr/4.3.3/avr5\libgcc.a(_pack_sf.o)
 .debug_pubnames
                0x00000129       0x21 c:/users/lenovo/desktop/embedded training iti/imt_sdk_win_64/winavr/bin/../lib/gcc/avr/4.3.3/avr5\libgcc.a(_unpack_sf.o)
 .debug_pubnames
                0x0000014a       0x26 c:/users/lenovo/desktop/embedded training iti/imt_sdk_win_64/winavr/bin/../lib/gcc/avr/4.3.3/avr5\libgcc.a(_fpcmp_parts_sf.o)

.debug_info     0x00000000     0x1c49
 *(.debug_info)
 .debug_info    0x00000000       0xb1 c:/users/lenovo/desktop/embedded training iti/imt_sdk_win_64/winavr/bin/../lib/gcc/avr/4.3.3/avr5\libgcc.a(_fixunssfsi.o)
 .debug_info    0x000000b1      0x47a c:/users/lenovo/desktop/embedded training iti/imt_sdk_win_64/winavr/bin/../lib/gcc/avr/4.3.3/avr5\libgcc.a(_addsub_sf.o)
 .debug_info    0x0000052b      0x485 c:/users/lenovo/desktop/embedded training iti/imt_sdk_win_64/winavr/bin/../lib/gcc/avr/4.3.3/avr5\libgcc.a(_mul_sf.o)
 .debug_info    0x000009b0      0x27f c:/users/lenovo/desktop/embedded training iti/imt_sdk_win_64/winavr/bin/../lib/gcc/avr/4.3.3/avr5\libgcc.a(_gt_sf.o)
 .debug_info    0x00000c2f      0x27f c:/users/lenovo/desktop/embedded training iti/imt_sdk_win_64/winavr/bin/../lib/gcc/avr/4.3.3/avr5\libgcc.a(_ge_sf.o)
 .debug_info    0x00000eae      0x27f c:/users/lenovo/desktop/embedded training iti/imt_sdk_win_64/winavr/bin/../lib/gcc/avr/4.3.3/avr5\libgcc.a(_lt_sf.o)
 .debug_info    0x0000112d      0x2b0 c:/users/lenovo/desktop/embedded training iti/imt_sdk_win_64/winavr/bin/../lib/gcc/avr/4.3.3/avr5\libgcc.a(_sf_to_si.o)
 .debug_info    0x000013dd      0x12c c:/users/lenovo/desktop/embedded training iti/imt_sdk_win_64/winavr/bin/../lib/gcc/avr/4.3.3/avr5\libgcc.a(_thenan_sf.o)
 .debug_info    0x00001509      0x2df c:/users/lenovo/desktop/embedded training iti/imt_sdk_win_64/winavr/bin/../lib/gcc/avr/4.3.3/avr5\libgcc.a(_pack_sf.o)
 .debug_info    0x000017e8      0x251 c:/users/lenovo/desktop/embedded training iti/imt_sdk_win_64/winavr/bin/../lib/gcc/avr/4.3.3/avr5\libgcc.a(_unpack_sf.o)
 .debug_info    0x00001a39      0x210 c:/users/lenovo/desktop/embedded training iti/imt_sdk_win_64/winavr/bin/../lib/gcc/avr/4.3.3/avr5\libgcc.a(_fpcmp_parts_sf.o)
 *(.gnu.linkonce.wi.*)

.debug_abbrev   0x00000000      0xeeb
 *(.debug_abbrev)
 .debug_abbrev  0x00000000       0x5d c:/users/lenovo/desktop/embedded training iti/imt_sdk_win_64/winavr/bin/../lib/gcc/avr/4.3.3/avr5\libgcc.a(_fixunssfsi.o)
 .debug_abbrev  0x0000005d      0x1ea c:/users/lenovo/desktop/embedded training iti/imt_sdk_win_64/winavr/bin/../lib/gcc/avr/4.3.3/avr5\libgcc.a(_addsub_sf.o)
 .debug_abbrev  0x00000247      0x21b c:/users/lenovo/desktop/embedded training iti/imt_sdk_win_64/winavr/bin/../lib/gcc/avr/4.3.3/avr5\libgcc.a(_mul_sf.o)
 .debug_abbrev  0x00000462      0x15a c:/users/lenovo/desktop/embedded training iti/imt_sdk_win_64/winavr/bin/../lib/gcc/avr/4.3.3/avr5\libgcc.a(_gt_sf.o)
 .debug_abbrev  0x000005bc      0x15a c:/users/lenovo/desktop/embedded training iti/imt_sdk_win_64/winavr/bin/../lib/gcc/avr/4.3.3/avr5\libgcc.a(_ge_sf.o)
 .debug_abbrev  0x00000716      0x15a c:/users/lenovo/desktop/embedded training iti/imt_sdk_win_64/winavr/bin/../lib/gcc/avr/4.3.3/avr5\libgcc.a(_lt_sf.o)
 .debug_abbrev  0x00000870      0x17f c:/users/lenovo/desktop/embedded training iti/imt_sdk_win_64/winavr/bin/../lib/gcc/avr/4.3.3/avr5\libgcc.a(_sf_to_si.o)
 .debug_abbrev  0x000009ef       0xad c:/users/lenovo/desktop/embedded training iti/imt_sdk_win_64/winavr/bin/../lib/gcc/avr/4.3.3/avr5\libgcc.a(_thenan_sf.o)
 .debug_abbrev  0x00000a9c      0x1c0 c:/users/lenovo/desktop/embedded training iti/imt_sdk_win_64/winavr/bin/../lib/gcc/avr/4.3.3/avr5\libgcc.a(_pack_sf.o)
 .debug_abbrev  0x00000c5c      0x154 c:/users/lenovo/desktop/embedded training iti/imt_sdk_win_64/winavr/bin/../lib/gcc/avr/4.3.3/avr5\libgcc.a(_unpack_sf.o)
 .debug_abbrev  0x00000db0      0x13b c:/users/lenovo/desktop/embedded training iti/imt_sdk_win_64/winavr/bin/../lib/gcc/avr/4.3.3/avr5\libgcc.a(_fpcmp_parts_sf.o)

.debug_line     0x00000000      0xdad
 *(.debug_line)
 .debug_line    0x00000000       0xa7 c:/users/lenovo/desktop/embedded training iti/imt_sdk_win_64/winavr/bin/../lib/gcc/avr/4.3.3/avr5\libgcc.a(_fixunssfsi.o)
 .debug_line    0x000000a7      0x2af c:/users/lenovo/desktop/embedded training iti/imt_sdk_win_64/winavr/bin/../lib/gcc/avr/4.3.3/avr5\libgcc.a(_addsub_sf.o)
 .debug_line    0x00000356      0x239 c:/users/lenovo/desktop/embedded training iti/imt_sdk_win_64/winavr/bin/../lib/gcc/avr/4.3.3/avr5\libgcc.a(_mul_sf.o)
 .debug_line    0x0000058f       0xd3 c:/users/lenovo/desktop/embedded training iti/imt_sdk_win_64/winavr/bin/../lib/gcc/avr/4.3.3/avr5\libgcc.a(_gt_sf.o)
 .debug_line    0x00000662       0xd3 c:/users/lenovo/desktop/embedded training iti/imt_sdk_win_64/winavr/bin/../lib/gcc/avr/4.3.3/avr5\libgcc.a(_ge_sf.o)
 .debug_line    0x00000735       0xd3 c:/users/lenovo/desktop/embedded training iti/imt_sdk_win_64/winavr/bin/../lib/gcc/avr/4.3.3/avr5\libgcc.a(_lt_sf.o)
 .debug_line    0x00000808      0x109 c:/users/lenovo/desktop/embedded training iti/imt_sdk_win_64/winavr/bin/../lib/gcc/avr/4.3.3/avr5\libgcc.a(_sf_to_si.o)
 .debug_line    0x00000911       0x90 c:/users/lenovo/desktop/embedded training iti/imt_sdk_win_64/winavr/bin/../lib/gcc/avr/4.3.3/avr5\libgcc.a(_thenan_sf.o)
 .debug_line    0x000009a1      0x18a c:/users/lenovo/desktop/embedded training iti/imt_sdk_win_64/winavr/bin/../lib/gcc/avr/4.3.3/avr5\libgcc.a(_pack_sf.o)
 .debug_line    0x00000b2b      0x14b c:/users/lenovo/desktop/embedded training iti/imt_sdk_win_64/winavr/bin/../lib/gcc/avr/4.3.3/avr5\libgcc.a(_unpack_sf.o)
 .debug_line    0x00000c76      0x137 c:/users/lenovo/desktop/embedded training iti/imt_sdk_win_64/winavr/bin/../lib/gcc/avr/4.3.3/avr5\libgcc.a(_fpcmp_parts_sf.o)

.debug_frame    0x00000000      0x160
 *(.debug_frame)
 .debug_frame   0x00000000       0x20 c:/users/lenovo/desktop/embedded training iti/imt_sdk_win_64/winavr/bin/../lib/gcc/avr/4.3.3/avr5\libgcc.a(_fixunssfsi.o)
 .debug_frame   0x00000020       0x40 c:/users/lenovo/desktop/embedded training iti/imt_sdk_win_64/winavr/bin/../lib/gcc/avr/4.3.3/avr5\libgcc.a(_addsub_sf.o)
 .debug_frame   0x00000060       0x20 c:/users/lenovo/desktop/embedded training iti/imt_sdk_win_64/winavr/bin/../lib/gcc/avr/4.3.3/avr5\libgcc.a(_mul_sf.o)
 .debug_frame   0x00000080       0x20 c:/users/lenovo/desktop/embedded training iti/imt_sdk_win_64/winavr/bin/../lib/gcc/avr/4.3.3/avr5\libgcc.a(_gt_sf.o)
 .debug_frame   0x000000a0       0x20 c:/users/lenovo/desktop/embedded training iti/imt_sdk_win_64/winavr/bin/../lib/gcc/avr/4.3.3/avr5\libgcc.a(_ge_sf.o)
 .debug_frame   0x000000c0       0x20 c:/users/lenovo/desktop/embedded training iti/imt_sdk_win_64/winavr/bin/../lib/gcc/avr/4.3.3/avr5\libgcc.a(_lt_sf.o)
 .debug_frame   0x000000e0       0x20 c:/users/lenovo/desktop/embedded training iti/imt_sdk_win_64/winavr/bin/../lib/gcc/avr/4.3.3/avr5\libgcc.a(_sf_to_si.o)
 .debug_frame   0x00000100       0x20 c:/users/lenovo/desktop/embedded training iti/imt_sdk_win_64/winavr/bin/../lib/gcc/avr/4.3.3/avr5\libgcc.a(_pack_sf.o)
 .debug_frame   0x00000120       0x20 c:/users/lenovo/desktop/embedded training iti/imt_sdk_win_64/winavr/bin/../lib/gcc/avr/4.3.3/avr5\libgcc.a(_unpack_sf.o)
 .debug_frame   0x00000140       0x20 c:/users/lenovo/desktop/embedded training iti/imt_sdk_win_64/winavr/bin/../lib/gcc/avr/4.3.3/avr5\libgcc.a(_fpcmp_parts_sf.o)

.debug_str      0x00000000      0x28d
 *(.debug_str)
 .debug_str     0x00000000       0xbf c:/users/lenovo/desktop/embedded training iti/imt_sdk_win_64/winavr/bin/../lib/gcc/avr/4.3.3/avr5\libgcc.a(_fixunssfsi.o)
                                 0xfe (size before relaxing)
 .debug_str     0x000000bf      0x14d c:/users/lenovo/desktop/embedded training iti/imt_sdk_win_64/winavr/bin/../lib/gcc/avr/4.3.3/avr5\libgcc.a(_addsub_sf.o)
                                0x206 (size before relaxing)
 .debug_str     0x0000020c       0x27 c:/users/lenovo/desktop/embedded training iti/imt_sdk_win_64/winavr/bin/../lib/gcc/avr/4.3.3/avr5\libgcc.a(_mul_sf.o)
                                0x1bf (size before relaxing)
 .debug_str     0x00000233        0xf c:/users/lenovo/desktop/embedded training iti/imt_sdk_win_64/winavr/bin/../lib/gcc/avr/4.3.3/avr5\libgcc.a(_gt_sf.o)
                                0x195 (size before relaxing)
 .debug_str     0x00000242        0x8 c:/users/lenovo/desktop/embedded training iti/imt_sdk_win_64/winavr/bin/../lib/gcc/avr/4.3.3/avr5\libgcc.a(_ge_sf.o)
                                0x195 (size before relaxing)
 .debug_str     0x0000024a        0x8 c:/users/lenovo/desktop/embedded training iti/imt_sdk_win_64/winavr/bin/../lib/gcc/avr/4.3.3/avr5\libgcc.a(_lt_sf.o)
                                0x195 (size before relaxing)
 .debug_str     0x00000252        0xa c:/users/lenovo/desktop/embedded training iti/imt_sdk_win_64/winavr/bin/../lib/gcc/avr/4.3.3/avr5\libgcc.a(_sf_to_si.o)
                                0x19e (size before relaxing)
 .debug_str     0x00000000      0x103 c:/users/lenovo/desktop/embedded training iti/imt_sdk_win_64/winavr/bin/../lib/gcc/avr/4.3.3/avr5\libgcc.a(_thenan_sf.o)
 .debug_str     0x0000025c       0x16 c:/users/lenovo/desktop/embedded training iti/imt_sdk_win_64/winavr/bin/../lib/gcc/avr/4.3.3/avr5\libgcc.a(_pack_sf.o)
                                0x19d (size before relaxing)
 .debug_str     0x00000272        0xb c:/users/lenovo/desktop/embedded training iti/imt_sdk_win_64/winavr/bin/../lib/gcc/avr/4.3.3/avr5\libgcc.a(_unpack_sf.o)
                                0x17f (size before relaxing)
 .debug_str     0x0000027d       0x10 c:/users/lenovo/desktop/embedded training iti/imt_sdk_win_64/winavr/bin/../lib/gcc/avr/4.3.3/avr5\libgcc.a(_fpcmp_parts_sf.o)
                                0x163 (size before relaxing)

.debug_loc      0x00000000      0x7ce
 *(.debug_loc)
 .debug_loc     0x00000000       0x34 c:/users/lenovo/desktop/embedded training iti/imt_sdk_win_64/winavr/bin/../lib/gcc/avr/4.3.3/avr5\libgcc.a(_fixunssfsi.o)
 .debug_loc     0x00000034      0x32a c:/users/lenovo/desktop/embedded training iti/imt_sdk_win_64/winavr/bin/../lib/gcc/avr/4.3.3/avr5\libgcc.a(_addsub_sf.o)
 .debug_loc     0x0000035e      0x104 c:/users/lenovo/desktop/embedded training iti/imt_sdk_win_64/winavr/bin/../lib/gcc/avr/4.3.3/avr5\libgcc.a(_mul_sf.o)
 .debug_loc     0x00000462       0x3c c:/users/lenovo/desktop/embedded training iti/imt_sdk_win_64/winavr/bin/../lib/gcc/avr/4.3.3/avr5\libgcc.a(_gt_sf.o)
 .debug_loc     0x0000049e       0x3c c:/users/lenovo/desktop/embedded training iti/imt_sdk_win_64/winavr/bin/../lib/gcc/avr/4.3.3/avr5\libgcc.a(_ge_sf.o)
 .debug_loc     0x000004da       0x3c c:/users/lenovo/desktop/embedded training iti/imt_sdk_win_64/winavr/bin/../lib/gcc/avr/4.3.3/avr5\libgcc.a(_lt_sf.o)
 .debug_loc     0x00000516       0x7e c:/users/lenovo/desktop/embedded training iti/imt_sdk_win_64/winavr/bin/../lib/gcc/avr/4.3.3/avr5\libgcc.a(_sf_to_si.o)
 .debug_loc     0x00000594      0x13e c:/users/lenovo/desktop/embedded training iti/imt_sdk_win_64/winavr/bin/../lib/gcc/avr/4.3.3/avr5\libgcc.a(_pack_sf.o)
 .debug_loc     0x000006d2       0xac c:/users/lenovo/desktop/embedded training iti/imt_sdk_win_64/winavr/bin/../lib/gcc/avr/4.3.3/avr5\libgcc.a(_unpack_sf.o)
 .debug_loc     0x0000077e       0x50 c:/users/lenovo/desktop/embedded training iti/imt_sdk_win_64/winavr/bin/../lib/gcc/avr/4.3.3/avr5\libgcc.a(_fpcmp_parts_sf.o)

.debug_macinfo
 *(.debug_macinfo)
OUTPUT(AVR.elf elf32-avr)
LOAD linker stubs

.debug_ranges   0x00000000       0x50
 .debug_ranges  0x00000000       0x50 c:/users/lenovo/desktop/embedded training iti/imt_sdk_win_64/winavr/bin/../lib/gcc/avr/4.3.3/avr5\libgcc.a(_mul_sf.o)
